{"timestamp": "2026-06-05T03:48:55.927478+00:00", "level": "INFO", "message": "=== AEGIS RESTART ==="}
{"timestamp": "2026-06-05T03:48:55.927478+00:00", "level": "INFO", "message": "Phase 1/3: Shutting down..."}
{"timestamp": "2026-06-05T03:48:56.165922+00:00", "level": "INFO", "message": "Aegis is not currently running."}
{"timestamp": "2026-06-05T03:48:56.173372+00:00", "level": "INFO", "message": "Phase 2/3: Verifying clean state..."}
{"timestamp": "2026-06-05T03:48:57.684351+00:00", "level": "INFO", "message": "Phase 3/3: Booting..."}
{"timestamp": "2026-06-05T03:48:57.773962+00:00", "level": "STEP", "message": "First Run Experience (FRX)\n    Configuration found -- skipping FRX. \n    NOTE: To execute the First Run Experience (FRX) again, delete the following:\n        - .aegis_bootstrapped\n        - aegis_config.yaml \n        - aegis_data/ directory or just the files within it\n                ", "step_num": 1, "total": 8}
{"timestamp": "2026-06-05T03:48:57.773962+00:00", "level": "STEP", "message": "Verifying prerequisites", "step_num": 2, "total": 8}
{"timestamp": "2026-06-05T03:48:58.900932+00:00", "level": "SUCCESS", "message": "All prerequisites satisfied."}
{"timestamp": "2026-06-05T03:48:58.900932+00:00", "level": "STEP", "message": "Redis management skipped (--skip-redis)", "step_num": 3, "total": 8}
{"timestamp": "2026-06-05T03:48:58.954526+00:00", "level": "STEP", "message": "Verifying Redis connectivity", "step_num": 4, "total": 8}
{"timestamp": "2026-06-05T03:48:58.982437+00:00", "level": "SUCCESS", "message": "Redis is responsive."}
{"timestamp": "2026-06-05T03:48:58.982437+00:00", "level": "STEP", "message": "Flushing stale streams", "step_num": 5, "total": 8}
{"timestamp": "2026-06-05T03:48:59.017125+00:00", "level": "SUCCESS", "message": "Flushed 11 stream(s) from previous session."}
{"timestamp": "2026-06-05T03:48:59.522335+00:00", "level": "STEP", "message": "Launching Aegis System Manager", "step_num": 6, "total": 8}
{"timestamp": "2026-06-05T03:49:00.541982+00:00", "level": "SUCCESS", "message": "System Manager launched (PID: 14032)"}
{"timestamp": "2026-06-05T03:49:00.541982+00:00", "level": "STEP", "message": "Starting Mission Control web server", "step_num": 7, "total": 8}
{"timestamp": "2026-06-05T03:49:03.779270+00:00", "level": "SUCCESS", "message": "Mission Control started at http://127.0.0.1:8420"}
{"timestamp": "2026-06-05T03:49:03.779270+00:00", "level": "STEP", "message": "Waiting for full system health confirmation", "step_num": 8, "total": 8}
{"timestamp": "2026-06-05T03:49:03.829332+00:00", "level": "SUCCESS", "message": "=== AEGIS SYSTEM ONLINE ==="}
{"timestamp": "2026-06-05T03:49:03.829332+00:00", "level": "INFO", "message": "  Mission Control: http://127.0.0.1:8420"}
{"timestamp": "2026-06-05T03:49:03.829332+00:00", "level": "INFO", "message": "  CLI Chat:        aegis chat | aegis --help"}
{"timestamp": "2026-06-05T03:49:03.829332+00:00", "level": "INFO", "message": "  System Status:   aegis status"}
{"timestamp": "2026-06-05T03:49:03.829332+00:00", "level": "INFO", "message": "  Logs:            C:\\Users\\TClaw\\Documents\\aegis_oobe\\logs/"}
{"timestamp": "2026-06-05T03:49:03.829332+00:00", "level": "INFO", "message": "  Next steps:"}
{"timestamp": "2026-06-05T03:49:03.829332+00:00", "level": "INFO", "message": "    . .\\.venv\\Scripts\\Activate   (optional: if using python directly)"}
{"timestamp": "2026-06-05T03:49:03.829332+00:00", "level": "INFO", "message": "    .\\dev run boot --skip-redis"}
{"timestamp": "2026-06-05T03:49:03.829332+00:00", "level": "SUCCESS", "message": "Aegis restart complete."}
{"timestamp": "2026-06-17T07:39:15.169618+00:00", "level": "STEP", "message": "First Run Experience (FRX)\n    Configuration found -- skipping FRX. \n    NOTE: To execute the First Run Experience (FRX) again, delete the following:\n        - .aegis_bootstrapped\n        - aegis_config.yaml \n        - aegis_data/ directory or just the files within it\n                ", "step_num": 1, "total": 8}
{"timestamp": "2026-06-17T07:39:15.169953+00:00", "level": "STEP", "message": "Verifying prerequisites", "step_num": 2, "total": 8}
{"timestamp": "2026-06-17T07:39:16.970716+00:00", "level": "ERROR", "message": "Prerequisite check failed:"}
{"timestamp": "2026-06-17T07:39:16.971380+00:00", "level": "ERROR", "message": "  x Python Packages: got 9/10 installed, need All required packages"}
{"timestamp": "2026-06-17T07:39:16.971999+00:00", "level": "INFO", "message": "    -> Install missing packages:"}
{"timestamp": "2026-06-17T07:39:16.972748+00:00", "level": "INFO", "message": "    ->   pip install fastapi"}
{"timestamp": "2026-06-17T07:39:16.973175+00:00", "level": "INFO", "message": "    ->   Or: pip install -e . (if using pyproject.toml)"}
{"timestamp": "2026-06-17T07:41:26.297411+00:00", "level": "STEP", "message": "First Run Experience (FRX)\n    Configuration found -- skipping FRX. \n    NOTE: To execute the First Run Experience (FRX) again, delete the following:\n        - .aegis_bootstrapped\n        - aegis_config.yaml \n        - aegis_data/ directory or just the files within it\n                ", "step_num": 1, "total": 8}
{"timestamp": "2026-06-17T07:41:26.297884+00:00", "level": "STEP", "message": "Verifying prerequisites", "step_num": 2, "total": 8}
{"timestamp": "2026-06-17T07:41:26.919506+00:00", "level": "ERROR", "message": "Prerequisite check failed:"}
{"timestamp": "2026-06-17T07:41:26.919810+00:00", "level": "ERROR", "message": "  x Python Packages: got 9/10 installed, need All required packages"}
{"timestamp": "2026-06-17T07:41:26.920088+00:00", "level": "INFO", "message": "    -> Install missing packages:"}
{"timestamp": "2026-06-17T07:41:26.920375+00:00", "level": "INFO", "message": "    ->   pip install fastapi"}
{"timestamp": "2026-06-17T07:41:26.920755+00:00", "level": "INFO", "message": "    ->   Or: pip install -e . (if using pyproject.toml)"}
{"timestamp": "2026-06-17T07:41:51.078934+00:00", "level": "STEP", "message": "First Run Experience (FRX)\n    Configuration found -- skipping FRX. \n    NOTE: To execute the First Run Experience (FRX) again, delete the following:\n        - .aegis_bootstrapped\n        - aegis_config.yaml \n        - aegis_data/ directory or just the files within it\n                ", "step_num": 1, "total": 8}
{"timestamp": "2026-06-17T07:41:51.079403+00:00", "level": "STEP", "message": "Verifying prerequisites", "step_num": 2, "total": 8}
{"timestamp": "2026-06-17T07:41:51.622306+00:00", "level": "SUCCESS", "message": "All prerequisites satisfied."}
{"timestamp": "2026-06-17T07:41:51.622583+00:00", "level": "STEP", "message": "Starting Redis", "step_num": 3, "total": 8}
{"timestamp": "2026-06-17T07:41:51.629161+00:00", "level": "INFO", "message": "Redis is already running (externally managed)."}
{"timestamp": "2026-06-17T07:41:51.629420+00:00", "level": "STEP", "message": "Verifying Redis connectivity", "step_num": 4, "total": 8}
{"timestamp": "2026-06-17T07:41:51.635063+00:00", "level": "SUCCESS", "message": "Redis is responsive."}
{"timestamp": "2026-06-17T07:41:51.635347+00:00", "level": "STEP", "message": "Flushing stale streams", "step_num": 5, "total": 8}
{"timestamp": "2026-06-17T07:41:51.648249+00:00", "level": "SUCCESS", "message": "Flushed 10 stream(s) from previous session."}
{"timestamp": "2026-06-17T07:41:52.148996+00:00", "level": "STEP", "message": "Launching Aegis System Manager", "step_num": 6, "total": 8}
{"timestamp": "2026-06-17T07:41:53.187026+00:00", "level": "SUCCESS", "message": "System Manager launched (PID: 3613)"}
{"timestamp": "2026-06-17T07:41:53.187418+00:00", "level": "STEP", "message": "Starting Mission Control web server", "step_num": 7, "total": 8}
{"timestamp": "2026-06-17T07:42:07.931984+00:00", "level": "WARN", "message": "Web server process is alive but not responding on HTTP yet. It may still be initializing."}
{"timestamp": "2026-06-17T07:42:07.932670+00:00", "level": "STEP", "message": "Waiting for full system health confirmation", "step_num": 8, "total": 8}
{"timestamp": "2026-06-17T07:42:08.070633+00:00", "level": "SUCCESS", "message": "=== AEGIS SYSTEM ONLINE ==="}
{"timestamp": "2026-06-17T07:42:08.071370+00:00", "level": "INFO", "message": "  Mission Control: http://127.0.0.1:8420"}
{"timestamp": "2026-06-17T07:42:08.072017+00:00", "level": "INFO", "message": "  CLI Chat:        aegis chat | aegis --help"}
{"timestamp": "2026-06-17T07:42:08.072764+00:00", "level": "INFO", "message": "  System Status:   aegis status"}
{"timestamp": "2026-06-17T07:42:08.073406+00:00", "level": "INFO", "message": "  Logs:            /mnt/f/ai-projects/aegis_oobe/logs/"}
{"timestamp": "2026-06-17T07:42:08.073829+00:00", "level": "INFO", "message": "  Next steps:"}
{"timestamp": "2026-06-17T07:42:08.074274+00:00", "level": "INFO", "message": "    . .\\.venv\\Scripts\\Activate   (optional: if using python directly)"}
{"timestamp": "2026-06-17T07:42:08.074765+00:00", "level": "INFO", "message": "    .\\dev run boot --skip-redis"}
